Flow report for DRISC-V_TOP
Thu Sep 11 15:24:54 2025
Quartus Prime Version 24.1std.0 Build 1077 03/04/2025 SC Standard Edition


---------------------
; Table of Contents ;
---------------------
  1. Legal Notice
  2. Flow Summary
  3. Flow Settings
  4. Flow Non-Default Global Settings
  5. Flow Elapsed Time
  6. Flow OS Summary
  7. Flow Log
  8. Flow Messages
  9. Flow Suppressed Messages



----------------
; Legal Notice ;
----------------
Copyright (C) 2025  Altera Corporation. All rights reserved.
Your use of Altera Corporation's design tools, logic functions 
and other software and tools, and any partner logic 
functions, and any output files from any of the foregoing 
(including device programming or simulation files), and any 
associated documentation or information are expressly subject 
to the terms and conditions of the Altera Program License 
Subscription Agreement, the Altera Quartus Prime License Agreement,
the Altera IP License Agreement, or other applicable license
agreement, including, without limitation, that your use is for
the sole purpose of programming logic devices manufactured by
Altera and sold by Altera or its authorized distributors.  Please
refer to the Altera Software License Subscription Agreements 
on the Quartus Prime software download page.



+------------------------------------------------------------------------------------------+
; Flow Summary                                                                             ;
+------------------------------------+-----------------------------------------------------+
; Flow Status                        ; Successful - Thu Sep 11 15:24:54 2025               ;
; Quartus Prime Version              ; 24.1std.0 Build 1077 03/04/2025 SC Standard Edition ;
; Revision Name                      ; DRISC-V_TOP                                         ;
; Top-level Entity Name              ; DRISCV_TOP                                          ;
; Family                             ; Cyclone IV E                                        ;
; Device                             ; EP4CE6E22C8                                         ;
; Timing Models                      ; Final                                               ;
; Total logic elements               ; 6,141 / 6,272 ( 98 % )                              ;
;     Total combinational functions  ; 5,666 / 6,272 ( 90 % )                              ;
;     Dedicated logic registers      ; 2,457 / 6,272 ( 39 % )                              ;
; Total registers                    ; 2457                                                ;
; Total pins                         ; 24 / 92 ( 26 % )                                    ;
; Total virtual pins                 ; 0                                                   ;
; Total memory bits                  ; 135,808 / 276,480 ( 49 % )                          ;
; Embedded Multiplier 9-bit elements ; 24 / 30 ( 80 % )                                    ;
; Total PLLs                         ; 1 / 2 ( 50 % )                                      ;
+------------------------------------+-----------------------------------------------------+


+-----------------------------------------+
; Flow Settings                           ;
+-------------------+---------------------+
; Option            ; Setting             ;
+-------------------+---------------------+
; Start date & time ; 09/11/2025 15:08:18 ;
; Main task         ; Compilation         ;
; Revision Name     ; DRISC-V_TOP         ;
+-------------------+---------------------+


+---------------------------------------------------------------------------------------------------------------------------------------------------------------------------------------------------------------------------------------------------------------------+
; Flow Non-Default Global Settings                                                                                                                                                                                                                                    ;
+-----------------------------------------+---------------------------------------------------------------------------------------------------------------------------------------------------------+---------------+-------------+-----------------------------------+
; Assignment Name                         ; Value                                                                                                                                                   ; Default Value ; Entity Name ; Section Id                        ;
+-----------------------------------------+---------------------------------------------------------------------------------------------------------------------------------------------------------+---------------+-------------+-----------------------------------+
; ALM_REGISTER_PACKING_EFFORT             ; High                                                                                                                                                    ; Medium        ; --          ; --                                ;
; COMPILER_SIGNATURE_ID                   ; 88974378768691.175761409825144                                                                                                                          ; --            ; --          ; --                                ;
; EDA_GENERATE_FUNCTIONAL_NETLIST         ; Off                                                                                                                                                     ; --            ; --          ; eda_board_design_timing           ;
; EDA_GENERATE_FUNCTIONAL_NETLIST         ; Off                                                                                                                                                     ; --            ; --          ; eda_board_design_boundary_scan    ;
; EDA_GENERATE_FUNCTIONAL_NETLIST         ; Off                                                                                                                                                     ; --            ; --          ; eda_board_design_signal_integrity ;
; EDA_GENERATE_FUNCTIONAL_NETLIST         ; Off                                                                                                                                                     ; --            ; --          ; eda_board_design_symbol           ;
; EDA_OUTPUT_DATA_FORMAT                  ; Systemverilog Hdl                                                                                                                                       ; --            ; --          ; eda_simulation                    ;
; EDA_RUN_TOOL_AUTOMATICALLY              ; Off                                                                                                                                                     ; --            ; --          ; eda_simulation                    ;
; EDA_SIMULATION_TOOL                     ; Questa Intel FPGA (SystemVerilog)                                                                                                                       ; <None>        ; --          ; --                                ;
; EDA_TIME_SCALE                          ; 1 ps                                                                                                                                                    ; --            ; --          ; eda_simulation                    ;
; ENABLE_SIGNALTAP                        ; On                                                                                                                                                      ; --            ; --          ; --                                ;
; FLOW_ENABLE_RTL_VIEWER                  ; On                                                                                                                                                      ; Off           ; --          ; --                                ;
; MAX_CORE_JUNCTION_TEMP                  ; 85                                                                                                                                                      ; --            ; --          ; --                                ;
; MIN_CORE_JUNCTION_TEMP                  ; 0                                                                                                                                                       ; --            ; --          ; --                                ;
; MISC_FILE                               ; ram_custom.bsf                                                                                                                                          ; --            ; --          ; --                                ;
; MISC_FILE                               ; ram_custom_inst.v                                                                                                                                       ; --            ; --          ; --                                ;
; MISC_FILE                               ; ram_custom_bb.v                                                                                                                                         ; --            ; --          ; --                                ;
; MISC_FILE                               ; ram_custom.inc                                                                                                                                          ; --            ; --          ; --                                ;
; MISC_FILE                               ; ram_custom.cmp                                                                                                                                          ; --            ; --          ; --                                ;
; MISC_FILE                               ; ram_custom_syn.v                                                                                                                                        ; --            ; --          ; --                                ;
; MISC_FILE                               ; clock_divider.bsf                                                                                                                                       ; --            ; --          ; --                                ;
; MISC_FILE                               ; clock_divider_inst.v                                                                                                                                    ; --            ; --          ; --                                ;
; MISC_FILE                               ; clock_divider_bb.v                                                                                                                                      ; --            ; --          ; --                                ;
; MISC_FILE                               ; clock_divider.inc                                                                                                                                       ; --            ; --          ; --                                ;
; MISC_FILE                               ; clock_divider.cmp                                                                                                                                       ; --            ; --          ; --                                ;
; MISC_FILE                               ; clock_divider.ppf                                                                                                                                       ; --            ; --          ; --                                ;
; MISC_FILE                               ; clock_divider_syn.v                                                                                                                                     ; --            ; --          ; --                                ;
; OPTIMIZATION_MODE                       ; Aggressive Area                                                                                                                                         ; Balanced      ; --          ; --                                ;
; OUTPUT_IO_TIMING_FAR_END_VMEAS          ; Half Signal Swing                                                                                                                                       ; --            ; --          ; --                                ;
; OUTPUT_IO_TIMING_FAR_END_VMEAS          ; Half Signal Swing                                                                                                                                       ; --            ; --          ; --                                ;
; OUTPUT_IO_TIMING_NEAR_END_VMEAS         ; Half Vccio                                                                                                                                              ; --            ; --          ; --                                ;
; OUTPUT_IO_TIMING_NEAR_END_VMEAS         ; Half Vccio                                                                                                                                              ; --            ; --          ; --                                ;
; PARTITION_COLOR                         ; -- (Not supported for targeted family)                                                                                                                  ; --            ; DRISCV_TOP  ; Top                               ;
; PARTITION_FITTER_PRESERVATION_LEVEL     ; -- (Not supported for targeted family)                                                                                                                  ; --            ; DRISCV_TOP  ; Top                               ;
; PARTITION_NETLIST_TYPE                  ; -- (Not supported for targeted family)                                                                                                                  ; --            ; DRISCV_TOP  ; Top                               ;
; PHYSICAL_SYNTHESIS_COMBO_LOGIC_FOR_AREA ; On                                                                                                                                                      ; Off           ; --          ; --                                ;
; POWER_BOARD_THERMAL_MODEL               ; None (CONSERVATIVE)                                                                                                                                     ; --            ; --          ; --                                ;
; POWER_PRESET_COOLING_SOLUTION           ; 23 MM HEAT SINK WITH 200 LFPM AIRFLOW                                                                                                                   ; --            ; --          ; --                                ;
; PROJECT_OUTPUT_DIRECTORY                ; output_files                                                                                                                                            ; --            ; --          ; --                                ;
; SLD_FILE                                ; db/stp1_auto_stripped.stp                                                                                                                               ; --            ; --          ; --                                ;
; SLD_NODE_CREATOR_ID                     ; 110                                                                                                                                                     ; --            ; --          ; reg_file                          ;
; SLD_NODE_ENTITY_NAME                    ; sld_signaltap                                                                                                                                           ; --            ; --          ; reg_file                          ;
; SLD_NODE_PARAMETER_ASSIGNMENT           ; SLD_RAM_BLOCK_TYPE=AUTO                                                                                                                                 ; --            ; --          ; reg_file                          ;
; SLD_NODE_PARAMETER_ASSIGNMENT           ; SLD_DATA_BITS=37                                                                                                                                        ; --            ; --          ; reg_file                          ;
; SLD_NODE_PARAMETER_ASSIGNMENT           ; SLD_TRIGGER_BITS=37                                                                                                                                     ; --            ; --          ; reg_file                          ;
; SLD_NODE_PARAMETER_ASSIGNMENT           ; SLD_STORAGE_QUALIFIER_BITS=37                                                                                                                           ; --            ; --          ; reg_file                          ;
; SLD_NODE_PARAMETER_ASSIGNMENT           ; SLD_NODE_INFO=805334529                                                                                                                                 ; --            ; --          ; reg_file                          ;
; SLD_NODE_PARAMETER_ASSIGNMENT           ; SLD_POWER_UP_TRIGGER=0                                                                                                                                  ; --            ; --          ; reg_file                          ;
; SLD_NODE_PARAMETER_ASSIGNMENT           ; SLD_INVERSION_MASK=000000000000000000000000000000000000000000000000000000000000000000000000000000000000000000000000000000000000000000000000000000000000 ; --            ; --          ; reg_file                          ;
; SLD_NODE_PARAMETER_ASSIGNMENT           ; SLD_INVERSION_MASK_LENGTH=132                                                                                                                           ; --            ; --          ; reg_file                          ;
; SLD_NODE_PARAMETER_ASSIGNMENT           ; SLD_STORAGE_QUALIFIER_INVERSION_MASK_LENGTH=0                                                                                                           ; --            ; --          ; reg_file                          ;
; SLD_NODE_PARAMETER_ASSIGNMENT           ; SLD_SEGMENT_SIZE=128                                                                                                                                    ; --            ; --          ; reg_file                          ;
; SLD_NODE_PARAMETER_ASSIGNMENT           ; SLD_ATTRIBUTE_MEM_MODE=OFF                                                                                                                              ; --            ; --          ; reg_file                          ;
; SLD_NODE_PARAMETER_ASSIGNMENT           ; SLD_STATE_FLOW_USE_GENERATED=0                                                                                                                          ; --            ; --          ; reg_file                          ;
; SLD_NODE_PARAMETER_ASSIGNMENT           ; SLD_STATE_BITS=11                                                                                                                                       ; --            ; --          ; reg_file                          ;
; SLD_NODE_PARAMETER_ASSIGNMENT           ; SLD_BUFFER_FULL_STOP=1                                                                                                                                  ; --            ; --          ; reg_file                          ;
; SLD_NODE_PARAMETER_ASSIGNMENT           ; SLD_CURRENT_RESOURCE_WIDTH=1                                                                                                                            ; --            ; --          ; reg_file                          ;
; SLD_NODE_PARAMETER_ASSIGNMENT           ; SLD_INCREMENTAL_ROUTING=1                                                                                                                               ; --            ; --          ; reg_file                          ;
; SLD_NODE_PARAMETER_ASSIGNMENT           ; SLD_TRIGGER_LEVEL=1                                                                                                                                     ; --            ; --          ; reg_file                          ;
; SLD_NODE_PARAMETER_ASSIGNMENT           ; SLD_SAMPLE_DEPTH=128                                                                                                                                    ; --            ; --          ; reg_file                          ;
; SLD_NODE_PARAMETER_ASSIGNMENT           ; SLD_TRIGGER_IN_ENABLED=0                                                                                                                                ; --            ; --          ; reg_file                          ;
; SLD_NODE_PARAMETER_ASSIGNMENT           ; SLD_TRIGGER_PIPELINE=0                                                                                                                                  ; --            ; --          ; reg_file                          ;
; SLD_NODE_PARAMETER_ASSIGNMENT           ; SLD_RAM_PIPELINE=0                                                                                                                                      ; --            ; --          ; reg_file                          ;
; SLD_NODE_PARAMETER_ASSIGNMENT           ; SLD_COUNTER_PIPELINE=0                                                                                                                                  ; --            ; --          ; reg_file                          ;
; SLD_NODE_PARAMETER_ASSIGNMENT           ; SLD_ADVANCED_TRIGGER_ENTITY=basic,1,                                                                                                                    ; --            ; --          ; reg_file                          ;
; SLD_NODE_PARAMETER_ASSIGNMENT           ; SLD_TRIGGER_LEVEL_PIPELINE=1                                                                                                                            ; --            ; --          ; reg_file                          ;
; SLD_NODE_PARAMETER_ASSIGNMENT           ; SLD_ENABLE_ADVANCED_TRIGGER=0                                                                                                                           ; --            ; --          ; reg_file                          ;
; SMART_RECOMPILE                         ; On                                                                                                                                                      ; Off           ; --          ; --                                ;
; TOP_LEVEL_ENTITY                        ; DRISCV_TOP                                                                                                                                              ; DRISC-V_TOP   ; --          ; --                                ;
; USE_SIGNALTAP_FILE                      ; ../../../Documents/GitHub/Didactic-RISC-I/DRISC Programs/mif/stp1.stp                                                                                   ; --            ; --          ; --                                ;
; VERILOG_INPUT_VERSION                   ; SystemVerilog_2005                                                                                                                                      ; Verilog_2001  ; --          ; --                                ;
; VERILOG_SHOW_LMF_MAPPING_MESSAGES       ; Off                                                                                                                                                     ; --            ; --          ; --                                ;
+-----------------------------------------+---------------------------------------------------------------------------------------------------------------------------------------------------------+---------------+-------------+-----------------------------------+


+--------------------------------------------------------------------------------------------------------------------------+
; Flow Elapsed Time                                                                                                        ;
+----------------------+--------------+-------------------------+---------------------+------------------------------------+
; Module Name          ; Elapsed Time ; Average Processors Used ; Peak Virtual Memory ; Total CPU Time (on all processors) ;
+----------------------+--------------+-------------------------+---------------------+------------------------------------+
; Analysis & Synthesis ; 00:01:30     ; 1.0                     ; 4973 MB             ; 00:02:10                           ;
; Fitter               ; 00:14:33     ; 1.0                     ; 6335 MB             ; 00:15:45                           ;
; Assembler            ; 00:00:04     ; 1.0                     ; 4719 MB             ; 00:00:04                           ;
; Timing Analyzer      ; 00:00:11     ; 1.9                     ; 4951 MB             ; 00:00:15                           ;
; EDA Netlist Writer   ; 00:00:06     ; 1.0                     ; 4682 MB             ; 00:00:06                           ;
; Total                ; 00:16:24     ; --                      ; --                  ; 00:18:20                           ;
+----------------------+--------------+-------------------------+---------------------+------------------------------------+


+------------------------------------------------------------------------------------+
; Flow OS Summary                                                                    ;
+----------------------+------------------+------------+------------+----------------+
; Module Name          ; Machine Hostname ; OS Name    ; OS Version ; Processor type ;
+----------------------+------------------+------------+------------+----------------+
; Analysis & Synthesis ; PC-DIOGO         ; Windows 10 ; 10.0       ; x86_64         ;
; Fitter               ; PC-DIOGO         ; Windows 10 ; 10.0       ; x86_64         ;
; Assembler            ; PC-DIOGO         ; Windows 10 ; 10.0       ; x86_64         ;
; Timing Analyzer      ; PC-DIOGO         ; Windows 10 ; 10.0       ; x86_64         ;
; EDA Netlist Writer   ; PC-DIOGO         ; Windows 10 ; 10.0       ; x86_64         ;
+----------------------+------------------+------------+------------+----------------+


------------
; Flow Log ;
------------
quartus_map --read_settings_files=on --write_settings_files=off DRISC-V -c DRISC-V_TOP
quartus_fit --read_settings_files=off --write_settings_files=off DRISC-V -c DRISC-V_TOP
quartus_asm --read_settings_files=off --write_settings_files=off DRISC-V -c DRISC-V_TOP
quartus_sta DRISC-V -c DRISC-V_TOP
quartus_eda --read_settings_files=off --write_settings_files=off DRISC-V -c DRISC-V_TOP



